// Jest Snapshot v1, https://goo.gl/fbAQLP

exports[`Data Table Component should render correctly 1`] = `
<div
  id="pagination"
>
  <button
    className="bg-gray-400 hover:bg-gray-700 text-black font-bold py-2 px-4 m-1"
    key="0"
    onClick={[MockFunction]}
    value={0}
  >
    1
  </button>
  <button
    className="bg-gray-400 hover:bg-gray-700 text-black font-bold py-2 px-4 m-1"
    key="1"
    onClick={[MockFunction]}
    value={1}
  >
    2
  </button>
</div>
`;
